// Jest Snapshot v1, https://goo.gl/fbAQLP

exports[`renders learn react link 1`] = `
<div
  class="sc-bdnxRM fKMbUM"
>
  <h1>
    Hello World
  </h1>
</div>
`;
